[habibinfo.com/habibinfo.com/template/limax-preview/limax/index-3.html]
[backblue.gif]
[fade.gif]
[index.html]
[habibinfo.com/habibinfo.com/template/limax-preview/limax/img/icons/favicon.png]
[habibinfo.com/habibinfo.com/template/limax-preview/limax/css/elements.css]
[habibinfo.com/habibinfo.com/template/limax-preview/limax/style.css]
[habibinfo.com/habibinfo.com/template/limax-preview/limax/css/responsive.css]
[habibinfo.com/habibinfo.com/template/limax-preview/limax/index.html]
[habibinfo.com/habibinfo.com/template/limax-preview/limax/index-2.html]
[habibinfo.com/habibinfo.com/template/limax-preview/limax/index-4.html]
[habibinfo.com/habibinfo.com/template/limax-preview/limax/index-black-1.html]
[habibinfo.com/habibinfo.com/template/limax-preview/limax/index-black-2.html]
[habibinfo.com/habibinfo.com/template/limax-preview/limax/index-black-3.html]
[habibinfo.com/habibinfo.com/template/limax-preview/limax/index-black-4.html]
[habibinfo.com/habibinfo.com/template/limax-preview/limax/single-portfolio.html]
[habibinfo.com/habibinfo.com/template/limax-preview/limax/blog.html]
[habibinfo.com/habibinfo.com/template/limax-preview/limax/single-blog-post-left-sidebar.html]
[habibinfo.com/habibinfo.com/template/limax-preview/limax/single-blog-post-right-sidebar.html]
[habibinfo.com/habibinfo.com/template/limax-preview/limax/single-blog-post-full-width.html]
[habibinfo.com/habibinfo.com/template/limax-preview/limax/img/portfolio/3-column/1.jpg]
[habibinfo.com/habibinfo.com/template/limax-preview/limax/img/portfolio/3-column/6.jpg]
[habibinfo.com/habibinfo.com/template/limax-preview/limax/img/portfolio/3-column/2.jpg]
[habibinfo.com/habibinfo.com/template/limax-preview/limax/img/portfolio/3-column/4.jpg]
[habibinfo.com/habibinfo.com/template/limax-preview/limax/img/portfolio/3-column/5.jpg]
[habibinfo.com/habibinfo.com/template/limax-preview/limax/img/portfolio/3-column/9.jpg]
[habibinfo.com/habibinfo.com/template/limax-preview/limax/img/portfolio/3-column/7.jpg]
[habibinfo.com/habibinfo.com/template/limax-preview/limax/img/portfolio/3-column/8.jpg]
[habibinfo.com/habibinfo.com/template/limax-preview/limax/img/portfolio/3-column/3.jpg]
[habibinfo.com/habibinfo.com/template/limax-preview/limax/img/team/1.jpg]
[habibinfo.com/habibinfo.com/template/limax-preview/limax/img/team/2.jpg]
[habibinfo.com/habibinfo.com/template/limax-preview/limax/img/team/3.jpg]
[habibinfo.com/habibinfo.com/template/limax-preview/limax/img/team/4.jpg]
[habibinfo.com/habibinfo.com/template/limax-preview/limax/img/avatars/1.jpg]
[habibinfo.com/habibinfo.com/template/limax-preview/limax/img/avatars/2.jpg]
[habibinfo.com/habibinfo.com/template/limax-preview/limax/img/avatars/3.jpg]
[habibinfo.com/habibinfo.com/template/limax-preview/limax/img/client/1.png]
[habibinfo.com/habibinfo.com/template/limax-preview/limax/img/client/2.png]
[habibinfo.com/habibinfo.com/template/limax-preview/limax/img/client/3.png]
[habibinfo.com/habibinfo.com/template/limax-preview/limax/img/client/4.png]
[habibinfo.com/habibinfo.com/template/limax-preview/limax/img/client/5.png]
[habibinfo.com/habibinfo.com/template/limax-preview/limax/img/blog/1.jpg]
[habibinfo.com/habibinfo.com/template/limax-preview/limax/img/blog/2.jpg]
[habibinfo.com/habibinfo.com/template/limax-preview/limax/img/blog/3.jpg]
[habibinfo.com/habibinfo.com/template/limax-preview/limax/js/google.map.js]
[habibinfo.com/habibinfo.com/template/limax-preview/limax/js/scripts.js]
[habibinfo.com/habibinfo.com/template/limax-preview/limax/index-3.html]
[habibinfo.com/habibinfo.com/template/limax-preview/limax/fonts/themify9f24.eot]
[habibinfo.com/habibinfo.com/template/limax-preview/limax/fonts/themifyd41d.eot]
[habibinfo.com/habibinfo.com/template/limax-preview/limax/js/jquery-3.2.1.min.js]
[habibinfo.com/habibinfo.com/template/limax-preview/limax/fonts/themify9f24.woff]
[habibinfo.com/habibinfo.com/template/limax-preview/limax/js/plugins.js]
[habibinfo.com/habibinfo.com/template/limax-preview/limax/fonts/themify9f24.ttf]
[habibinfo.com/habibinfo.com/template/limax-preview/limax/fonts/themify9f24.svg]
[habibinfo.com/habibinfo.com/template/limax-preview/limax/fonts/fontawesome-webfontd41d.eot]
[habibinfo.com/habibinfo.com/template/limax-preview/limax/fonts/fontawesome-webfont3e6e.woff2]
[habibinfo.com/habibinfo.com/template/limax-preview/limax/fonts/fontawesome-webfont3e6e.woff]
[habibinfo.com/habibinfo.com/template/limax-preview/limax/fonts/fontawesome-webfont3e6e.svg]
[habibinfo.com/habibinfo.com/template/limax-preview/limax/img/ajax-loader.gif]
[habibinfo.com/habibinfo.com/template/limax-preview/limax/fonts/slick.eot]
[habibinfo.com/habibinfo.com/template/limax-preview/limax/fonts/slickd41d.eot]
[habibinfo.com/habibinfo.com/template/limax-preview/limax/fonts/slick.woff]
[habibinfo.com/habibinfo.com/template/limax-preview/limax/fonts/slick.svg]
[habibinfo.com/habibinfo.com/template/limax-preview/limax/css/elements.css]
[habibinfo.com/habibinfo.com/template/limax-preview/limax/img/slider/1.jpg]
[habibinfo.com/habibinfo.com/template/limax-preview/limax/img/slider/2.jpg]
[habibinfo.com/habibinfo.com/template/limax-preview/limax/img/slider/3.jpg]
[habibinfo.com/habibinfo.com/template/limax-preview/limax/img/slider/black/1.jpg]
[habibinfo.com/habibinfo.com/template/limax-preview/limax/img/slider/black/2.jpg]
[habibinfo.com/habibinfo.com/template/limax-preview/limax/img/slider/black/3.jpg]
[habibinfo.com/habibinfo.com/template/limax-preview/limax/img/bg/breadcrumb.jpg]
[habibinfo.com/habibinfo.com/template/limax-preview/limax/img/bg/counter.jpg]
[habibinfo.com/habibinfo.com/template/limax-preview/limax/img/bg/subscribe.jpg]
[habibinfo.com/habibinfo.com/template/limax-preview/limax/style.css]
[habibinfo.com/habibinfo.com/template/limax-preview/limax/css/responsive.css]
[unpkg.com/infinite-scroll@3.0.3/dist/infinite-scroll.pkgd.min.js]
[habibinfo.com/habibinfo.com/template/limax-preview/limax/index.html]
[habibinfo.com/habibinfo.com/template/limax-preview/limax/index-2.html]
[habibinfo.com/habibinfo.com/template/limax-preview/limax/index-4.html]
[habibinfo.com/habibinfo.com/template/limax-preview/limax/index-black-1.html]
[habibinfo.com/habibinfo.com/template/limax-preview/limax/index-black-2.html]
[habibinfo.com/habibinfo.com/template/limax-preview/limax/index-black-3.html]
[habibinfo.com/habibinfo.com/template/limax-preview/limax/index-black-4.html]
[habibinfo.com/habibinfo.com/template/limax-preview/limax/img/portfolio/single-portfolio/1.jpg]
[habibinfo.com/habibinfo.com/template/limax-preview/limax/img/portfolio/single-portfolio/2.jpg]
[habibinfo.com/habibinfo.com/template/limax-preview/limax/img/portfolio/single-portfolio/3.jpg]
[habibinfo.com/habibinfo.com/template/limax-preview/limax/single-portfolio.html]
[habibinfo.com/habibinfo.com/template/limax-preview/limax/blog.html]
[habibinfo.com/habibinfo.com/template/limax-preview/limax/img/avatars/4.jpg]
[habibinfo.com/habibinfo.com/template/limax-preview/limax/img/blog/single-post/1.jpg]
[habibinfo.com/habibinfo.com/template/limax-preview/limax/img/blog/single-post/2.jpg]
[habibinfo.com/habibinfo.com/template/limax-preview/limax/img/blog/single-post/3.jpg]
[habibinfo.com/habibinfo.com/template/limax-preview/limax/single-blog-post-left-sidebar.html]
[habibinfo.com/habibinfo.com/template/limax-preview/limax/single-blog-post-right-sidebar.html]
[habibinfo.com/habibinfo.com/template/limax-preview/limax/single-blog-post-full-width.html]
[habibinfo.com/habibinfo.com/template/limax-preview/limax/fonts/themify9f24.svg]
[habibinfo.com/habibinfo.com/template/limax-preview/limax/fonts/fontawesome-webfont3e6e.ttf]
[habibinfo.com/habibinfo.com/template/limax-preview/limax/fonts/fontawesome-webfont3e6e.eot]
[habibinfo.com/habibinfo.com/template/limax-preview/limax/fonts/fontawesome-webfont3e6e.svg]
[habibinfo.com/habibinfo.com/template/limax-preview/limax/fonts/slick.ttf]
[habibinfo.com/habibinfo.com/template/limax-preview/limax/fonts/slick.svg]
[habibinfo.com/habibinfo.com/template/limax-preview/limax/img/jquery.counter-analog.html]
